(Z)-γ-イロン:(Z)-γ-irone
3-ペンチルアセトン:2-octanone
cis-β-ファルネセン:(Z)-β-farnesene
α-クベノール:α-cubenol
α-クルクメン:α-curcumene
α-ジジナール:α-sinensal
α-セドレン:α-cedrene
α-ツヨン:α-thujone
α-ヒマカレン:α-himachalene
α-ビサボロールオキサイド:α-bisabolol oxide A
β-3-カリオフィレン:β-caryophyllene
β-カリオフィレン:β-caryophyllene
β-サンタロール:β-santalol
β-シメン:p-cymene
β-セスキフェランドレン:β-sesquiphellandrene
β-セドレン:β-cedrene
β-ターメロン:β-turmerone
β-ヒマカレン:β-himachalene
β-ビサボレン:β-bisabolene
β-ピネン:β-pinene
β-ファルネセン:(E)-β-farnesene
β-フェランドレン:β-phellandrene
β-ミルセン:myrcene
β-ヨノン:β-ionone
β-ヨン:β-ionone
γ-テルピネン:γ-terpinene
γ-テーピネン:γ-terpinene
γ-デカラクトン:γ-decalactone
γ-ヒマカレン:γ-himachalene
イブノレシノール:isolariciresinol
クシモール:p-cymene
クテール:cutierin
シス-ダバノン:cis-davanone
ジアナトール:dianatole
ジヒドロ-β-ヨノン:dihydro-β-ionone
トランス-β-オクシメン:(E)-β-ocimene
トランス-オゾメン:trans-ocimene
トランス-ダバノン:trans-davanone
トリピネン:terpinene
フラノグラナクマス-1:furanogermacrene
フラノグラナクマス-1,3-ジエン:furanogermacra-1,3-diene
リンデストレン:lindenestrene
エピ-β-サンタロール:epi-β-santalol
エピ-シクロサンタラール:epi-cyclosantalal
α-ブルネセンエポキサイド:α-bulnesene epoxide
イソバレンセン:isovalencene
α-クベノール:α-cubenol
シス-ダバノン:cis-davanone
トランス-ダバノン:trans-davanone
α-ジヒドロローズフラン:α-dihydrorosefuran
β-ジヒドロローズフラン:β-dihydrorosefuran
ダバン酸:davanic acid
シス-3-ヘキセニルエステル:cis-3-hexenyl acetate
エピ-10-γ-オイデスモール:epi-10-γ-eudesmol
(Z)-α-ベルガモトール:(Z)-α-bergamotol
クシノール:xyminol(Z)-γ-イロン
cis-β-ファルネセン
α-クベノール
α-クルクメン
α-ジジナール
α-セドレン
α-ツヨン
α-ヒマカレン
α-ビサボロールオキサイド
β-3-カリオフィレン
β-カリオフィレン
β-サンタロール
β-セスキフェランドレン
β-セドレン
β-ターメロン
β-ヒマカレン
β-ビサボレン
β-ピネン
β-ファルネセン
β-フェランドレン
β-ヨノン
β-ヨン
γ-テルピネン
γ-テーピネン
γ-デカラクトン
γ-ヒマカレン
クテール
シス-ダバノン
ジアナトール
ジヒドロ-β-ヨノン
トランス-β-オクシメン
トランス-オゾメン
トランス-ダバノン
フラノグラナクマス-1
フラノグラナクマス-1,3-ジエン
リンデストレン
エピ-β-サンタロール
エピ-シクロサンタラール
α-ブルネセンエポキサイド
イソバレンセン
α-クベノール
シス-ダバノン
トランス-ダバノン
α-ジヒドロローズフラン
β-ジヒドロローズフラン
ダバン酸
エピ-10-γ-オイデスモール
(Z)-α-ベルガモトール
クシノール
